MemTotal:        4046840 kB
MemFree:         3848044 kB
Buffers:           11308 kB
Cached:           100976 kB
SwapCached:            0 kB
Active:            65268 kB
Inactive:          73072 kB
Active(anon):      26132 kB
Inactive(anon):      268 kB
Active(file):      39136 kB
Inactive(file):    72804 kB
Unevictable:           0 kB
Mlocked:               0 kB
SwapTotal:             0 kB
SwapFree:              0 kB
Dirty:                 8 kB
Writeback:             0 kB
AnonPages:         26060 kB
Mapped:            12640 kB
Shmem:               340 kB
Slab:              26888 kB
SReclaimable:      16112 kB
SUnreclaim:        10776 kB
KernelStack:        1104 kB
PageTables:         2300 kB
NFS_Unstable:          0 kB
Bounce:                0 kB
WritebackTmp:          0 kB
CommitLimit:     2023420 kB
Committed_AS:      65860 kB
VmallocTotal:   34359738367 kB
VmallocUsed:        7688 kB
VmallocChunk:   34359726015 kB
HardwareCorrupted:     0 kB
AnonHugePages:         0 kB
HugePages_Total:       0
HugePages_Free:        0
HugePages_Rsvd:        0
HugePages_Surp:        0
Hugepagesize:       2048 kB
DirectMap4k:       20480 kB
DirectMap2M:     4304896 kB
