MemTotal:        1016292 kB
MemFree:          793776 kB
Buffers:           51432 kB
Cached:            95588 kB
SwapCached:            0 kB
Active:            76316 kB
Inactive:          96268 kB
Active(anon):      25636 kB
Inactive(anon):      268 kB
Active(file):      50680 kB
Inactive(file):    96000 kB
Unevictable:           0 kB
Mlocked:               0 kB
SwapTotal:             0 kB
SwapFree:              0 kB
Dirty:                68 kB
Writeback:             0 kB
AnonPages:         25564 kB
Mapped:             8852 kB
Shmem:               340 kB
Slab:              35612 kB
SReclaimable:      23716 kB
SUnreclaim:        11896 kB
KernelStack:        1016 kB
PageTables:         2196 kB
NFS_Unstable:          0 kB
Bounce:                0 kB
WritebackTmp:          0 kB
CommitLimit:      508144 kB
Committed_AS:      71024 kB
VmallocTotal:   34359738367 kB
VmallocUsed:        2400 kB
VmallocChunk:   34359730903 kB
HardwareCorrupted:     0 kB
AnonHugePages:         0 kB
HugePages_Total:       0
HugePages_Free:        0
HugePages_Rsvd:        0
HugePages_Surp:        0
Hugepagesize:       2048 kB
DirectMap4k:       26624 kB
DirectMap2M:     1153024 kB
