MemTotal:        1016292 kB
MemFree:          814104 kB
Buffers:           32536 kB
Cached:            95288 kB
SwapCached:            0 kB
Active:            73308 kB
Inactive:          79984 kB
Active(anon):      25540 kB
Inactive(anon):      268 kB
Active(file):      47768 kB
Inactive(file):    79716 kB
Unevictable:           0 kB
Mlocked:               0 kB
SwapTotal:             0 kB
SwapFree:              0 kB
Dirty:                68 kB
Writeback:             0 kB
AnonPages:         25468 kB
Mapped:             8840 kB
Shmem:               340 kB
Slab:              34580 kB
SReclaimable:      22760 kB
SUnreclaim:        11820 kB
KernelStack:         960 kB
PageTables:         2184 kB
NFS_Unstable:          0 kB
Bounce:                0 kB
WritebackTmp:          0 kB
CommitLimit:      508144 kB
Committed_AS:      70880 kB
VmallocTotal:   34359738367 kB
VmallocUsed:        2400 kB
VmallocChunk:   34359731091 kB
HardwareCorrupted:     0 kB
AnonHugePages:         0 kB
HugePages_Total:       0
HugePages_Free:        0
HugePages_Rsvd:        0
HugePages_Surp:        0
Hugepagesize:       2048 kB
DirectMap4k:       26624 kB
DirectMap2M:     1153024 kB
