MemTotal:        4046840 kB
MemFree:         3819824 kB
Buffers:           26816 kB
Cached:           105944 kB
SwapCached:            0 kB
Active:            68428 kB
Inactive:          90356 kB
Active(anon):      26092 kB
Inactive(anon):      268 kB
Active(file):      42336 kB
Inactive(file):    90088 kB
Unevictable:           0 kB
Mlocked:               0 kB
SwapTotal:             0 kB
SwapFree:              0 kB
Dirty:               184 kB
Writeback:             0 kB
AnonPages:         26036 kB
Mapped:            12588 kB
Shmem:               340 kB
Slab:              34952 kB
SReclaimable:      22952 kB
SUnreclaim:        12000 kB
KernelStack:        1024 kB
PageTables:         2252 kB
NFS_Unstable:          0 kB
Bounce:                0 kB
WritebackTmp:          0 kB
CommitLimit:     2023420 kB
Committed_AS:      79184 kB
VmallocTotal:   34359738367 kB
VmallocUsed:        7688 kB
VmallocChunk:   34359725343 kB
HardwareCorrupted:     0 kB
AnonHugePages:         0 kB
HugePages_Total:       0
HugePages_Free:        0
HugePages_Rsvd:        0
HugePages_Surp:        0
Hugepagesize:       2048 kB
DirectMap4k:       20480 kB
DirectMap2M:     4304896 kB
