MemTotal:        2048484 kB
MemFree:         1865512 kB
Buffers:           15704 kB
Cached:            87996 kB
SwapCached:            0 kB
Active:            72880 kB
Inactive:          56200 kB
Active(anon):      25496 kB
Inactive(anon):      264 kB
Active(file):      47384 kB
Inactive(file):    55936 kB
Unevictable:           0 kB
Mlocked:               0 kB
SwapTotal:             0 kB
SwapFree:              0 kB
Dirty:                68 kB
Writeback:             0 kB
AnonPages:         25424 kB
Mapped:             8872 kB
Shmem:               336 kB
Slab:              33516 kB
SReclaimable:      20812 kB
SUnreclaim:        12704 kB
KernelStack:         976 kB
PageTables:         2196 kB
NFS_Unstable:          0 kB
Bounce:                0 kB
WritebackTmp:          0 kB
CommitLimit:     1024240 kB
Committed_AS:      71012 kB
VmallocTotal:   34359738367 kB
VmallocUsed:        4192 kB
VmallocChunk:   34359729455 kB
HardwareCorrupted:     0 kB
AnonHugePages:         0 kB
HugePages_Total:       0
HugePages_Free:        0
HugePages_Rsvd:        0
HugePages_Surp:        0
Hugepagesize:       2048 kB
DirectMap4k:       20480 kB
DirectMap2M:     2207744 kB
