MemTotal:        2048484 kB
MemFree:         1831732 kB
Buffers:           43780 kB
Cached:            93052 kB
SwapCached:            0 kB
Active:            75904 kB
Inactive:          87104 kB
Active(anon):      26224 kB
Inactive(anon):      264 kB
Active(file):      49680 kB
Inactive(file):    86840 kB
Unevictable:           0 kB
Mlocked:               0 kB
SwapTotal:             0 kB
SwapFree:              0 kB
Dirty:               224 kB
Writeback:             0 kB
AnonPages:         26152 kB
Mapped:             9016 kB
Shmem:               336 kB
Slab:              33472 kB
SReclaimable:      22900 kB
SUnreclaim:        10572 kB
KernelStack:        1008 kB
PageTables:         2196 kB
NFS_Unstable:          0 kB
Bounce:                0 kB
WritebackTmp:          0 kB
CommitLimit:     1024240 kB
Committed_AS:      79340 kB
VmallocTotal:   34359738367 kB
VmallocUsed:        4192 kB
VmallocChunk:   34359728783 kB
HardwareCorrupted:     0 kB
AnonHugePages:      2048 kB
HugePages_Total:       0
HugePages_Free:        0
HugePages_Rsvd:        0
HugePages_Surp:        0
Hugepagesize:       2048 kB
DirectMap4k:       20480 kB
DirectMap2M:     2207744 kB
