MemTotal:        4046840 kB
MemFree:         3835760 kB
Buffers:           13380 kB
Cached:           104364 kB
SwapCached:            0 kB
Active:            67568 kB
Inactive:          76004 kB
Active(anon):      25900 kB
Inactive(anon):      268 kB
Active(file):      41668 kB
Inactive(file):    75736 kB
Unevictable:           0 kB
Mlocked:               0 kB
SwapTotal:             0 kB
SwapFree:              0 kB
Dirty:                56 kB
Writeback:             0 kB
AnonPages:         25848 kB
Mapped:            12584 kB
Shmem:               340 kB
Slab:              34108 kB
SReclaimable:      17676 kB
SUnreclaim:        16432 kB
KernelStack:        1056 kB
PageTables:         2344 kB
NFS_Unstable:          0 kB
Bounce:                0 kB
WritebackTmp:          0 kB
CommitLimit:     2023420 kB
Committed_AS:      68332 kB
VmallocTotal:   34359738367 kB
VmallocUsed:        7688 kB
VmallocChunk:   34359725823 kB
HardwareCorrupted:     0 kB
AnonHugePages:         0 kB
HugePages_Total:       0
HugePages_Free:        0
HugePages_Rsvd:        0
HugePages_Surp:        0
Hugepagesize:       2048 kB
DirectMap4k:       20480 kB
DirectMap2M:     4304896 kB
