MemTotal:        4046840 kB
MemFree:         3817888 kB
Buffers:           27388 kB
Cached:           106692 kB
SwapCached:            0 kB
Active:            69384 kB
Inactive:          91240 kB
Active(anon):      26612 kB
Inactive(anon):      268 kB
Active(file):      42772 kB
Inactive(file):    90972 kB
Unevictable:           0 kB
Mlocked:               0 kB
SwapTotal:             0 kB
SwapFree:              0 kB
Dirty:               236 kB
Writeback:             0 kB
AnonPages:         26500 kB
Mapped:            12604 kB
Shmem:               340 kB
Slab:              35052 kB
SReclaimable:      22980 kB
SUnreclaim:        12072 kB
KernelStack:        1064 kB
PageTables:         2212 kB
NFS_Unstable:          0 kB
Bounce:                0 kB
WritebackTmp:          0 kB
CommitLimit:     2023420 kB
Committed_AS:      65640 kB
VmallocTotal:   34359738367 kB
VmallocUsed:        7688 kB
VmallocChunk:   34359725103 kB
HardwareCorrupted:     0 kB
AnonHugePages:         0 kB
HugePages_Total:       0
HugePages_Free:        0
HugePages_Rsvd:        0
HugePages_Surp:        0
Hugepagesize:       2048 kB
DirectMap4k:       20480 kB
DirectMap2M:     4304896 kB
