MemTotal:        1016292 kB
MemFree:          583916 kB
Buffers:          100100 kB
Cached:           248584 kB
SwapCached:            0 kB
Active:           151404 kB
Inactive:         223124 kB
Active(anon):      25916 kB
Inactive(anon):      268 kB
Active(file):     125488 kB
Inactive(file):   222856 kB
Unevictable:           0 kB
Mlocked:               0 kB
SwapTotal:             0 kB
SwapFree:              0 kB
Dirty:                52 kB
Writeback:             0 kB
AnonPages:         25844 kB
Mapped:             9540 kB
Shmem:               340 kB
Slab:              43420 kB
SReclaimable:      32920 kB
SUnreclaim:        10500 kB
KernelStack:        1016 kB
PageTables:         2184 kB
NFS_Unstable:          0 kB
Bounce:                0 kB
WritebackTmp:          0 kB
CommitLimit:      508144 kB
Committed_AS:      71020 kB
VmallocTotal:   34359738367 kB
VmallocUsed:        2400 kB
VmallocChunk:   34359729799 kB
HardwareCorrupted:     0 kB
AnonHugePages:         0 kB
HugePages_Total:       0
HugePages_Free:        0
HugePages_Rsvd:        0
HugePages_Surp:        0
Hugepagesize:       2048 kB
DirectMap4k:       26624 kB
DirectMap2M:     1153024 kB
