MemTotal:        4046840 kB
MemFree:         3818856 kB
Buffers:           27056 kB
Cached:           106340 kB
SwapCached:            0 kB
Active:            68916 kB
Inactive:          90696 kB
Active(anon):      26432 kB
Inactive(anon):      268 kB
Active(file):      42484 kB
Inactive(file):    90428 kB
Unevictable:           0 kB
Mlocked:               0 kB
SwapTotal:             0 kB
SwapFree:              0 kB
Dirty:               196 kB
Writeback:             0 kB
AnonPages:         26360 kB
Mapped:            12644 kB
Shmem:               340 kB
Slab:              35012 kB
SReclaimable:      22988 kB
SUnreclaim:        12024 kB
KernelStack:        1072 kB
PageTables:         2300 kB
NFS_Unstable:          0 kB
Bounce:                0 kB
WritebackTmp:          0 kB
CommitLimit:     2023420 kB
Committed_AS:      80268 kB
VmallocTotal:   34359738367 kB
VmallocUsed:        7688 kB
VmallocChunk:   34359725247 kB
HardwareCorrupted:     0 kB
AnonHugePages:         0 kB
HugePages_Total:       0
HugePages_Free:        0
HugePages_Rsvd:        0
HugePages_Surp:        0
Hugepagesize:       2048 kB
DirectMap4k:       20480 kB
DirectMap2M:     4304896 kB
