MemTotal:        2048484 kB
MemFree:         1835616 kB
Buffers:           39472 kB
Cached:            91368 kB
SwapCached:            0 kB
Active:            74760 kB
Inactive:          81912 kB
Active(anon):      25904 kB
Inactive(anon):      264 kB
Active(file):      48856 kB
Inactive(file):    81648 kB
Unevictable:           0 kB
Mlocked:               0 kB
SwapTotal:             0 kB
SwapFree:              0 kB
Dirty:                76 kB
Writeback:             0 kB
AnonPages:         25836 kB
Mapped:             8944 kB
Shmem:               336 kB
Slab:              35908 kB
SReclaimable:      23024 kB
SUnreclaim:        12884 kB
KernelStack:        1032 kB
PageTables:         2176 kB
NFS_Unstable:          0 kB
Bounce:                0 kB
WritebackTmp:          0 kB
CommitLimit:     1024240 kB
Committed_AS:      71300 kB
VmallocTotal:   34359738367 kB
VmallocUsed:        4192 kB
VmallocChunk:   34359729119 kB
HardwareCorrupted:     0 kB
AnonHugePages:         0 kB
HugePages_Total:       0
HugePages_Free:        0
HugePages_Rsvd:        0
HugePages_Surp:        0
Hugepagesize:       2048 kB
DirectMap4k:       20480 kB
DirectMap2M:     2207744 kB
