MemTotal:        1016292 kB
MemFree:          786968 kB
Buffers:           57668 kB
Cached:            95872 kB
SwapCached:            0 kB
Active:            76408 kB
Inactive:         102780 kB
Active(anon):      25720 kB
Inactive(anon):      268 kB
Active(file):      50688 kB
Inactive(file):   102512 kB
Unevictable:           0 kB
Mlocked:               0 kB
SwapTotal:             0 kB
SwapFree:              0 kB
Dirty:               164 kB
Writeback:             0 kB
AnonPages:         25648 kB
Mapped:             8864 kB
Shmem:               340 kB
Slab:              35652 kB
SReclaimable:      23696 kB
SUnreclaim:        11956 kB
KernelStack:        1000 kB
PageTables:         2176 kB
NFS_Unstable:          0 kB
Bounce:                0 kB
WritebackTmp:          0 kB
CommitLimit:      508144 kB
Committed_AS:      71024 kB
VmallocTotal:   34359738367 kB
VmallocUsed:        2400 kB
VmallocChunk:   34359730855 kB
HardwareCorrupted:     0 kB
AnonHugePages:         0 kB
HugePages_Total:       0
HugePages_Free:        0
HugePages_Rsvd:        0
HugePages_Surp:        0
Hugepagesize:       2048 kB
DirectMap4k:       26624 kB
DirectMap2M:     1153024 kB
