MemTotal:        4046840 kB
MemFree:         3814136 kB
Buffers:           30492 kB
Cached:           107600 kB
SwapCached:            0 kB
Active:            68964 kB
Inactive:          94780 kB
Active(anon):      25724 kB
Inactive(anon):      268 kB
Active(file):      43240 kB
Inactive(file):    94512 kB
Unevictable:           0 kB
Mlocked:               0 kB
SwapTotal:             0 kB
SwapFree:              0 kB
Dirty:                 4 kB
Writeback:             0 kB
AnonPages:         25648 kB
Mapped:            12660 kB
Shmem:               340 kB
Slab:              35400 kB
SReclaimable:      23500 kB
SUnreclaim:        11900 kB
KernelStack:        1072 kB
PageTables:         2340 kB
NFS_Unstable:          0 kB
Bounce:                0 kB
WritebackTmp:          0 kB
CommitLimit:     2023420 kB
Committed_AS:      71264 kB
VmallocTotal:   34359738367 kB
VmallocUsed:        7688 kB
VmallocChunk:   34359724815 kB
HardwareCorrupted:     0 kB
AnonHugePages:      2048 kB
HugePages_Total:       0
HugePages_Free:        0
HugePages_Rsvd:        0
HugePages_Surp:        0
Hugepagesize:       2048 kB
DirectMap4k:       20480 kB
DirectMap2M:     4304896 kB
