MemTotal:        4046840 kB
MemFree:         3818708 kB
Buffers:           27164 kB
Cached:           106340 kB
SwapCached:            0 kB
Active:            69032 kB
Inactive:          90888 kB
Active(anon):      26484 kB
Inactive(anon):      268 kB
Active(file):      42548 kB
Inactive(file):    90620 kB
Unevictable:           0 kB
Mlocked:               0 kB
SwapTotal:             0 kB
SwapFree:              0 kB
Dirty:               176 kB
Writeback:             0 kB
AnonPages:         26412 kB
Mapped:            12584 kB
Shmem:               340 kB
Slab:              34956 kB
SReclaimable:      22940 kB
SUnreclaim:        12016 kB
KernelStack:        1080 kB
PageTables:         2352 kB
NFS_Unstable:          0 kB
Bounce:                0 kB
WritebackTmp:          0 kB
CommitLimit:     2023420 kB
Committed_AS:      66796 kB
VmallocTotal:   34359738367 kB
VmallocUsed:        7688 kB
VmallocChunk:   34359725199 kB
HardwareCorrupted:     0 kB
AnonHugePages:         0 kB
HugePages_Total:       0
HugePages_Free:        0
HugePages_Rsvd:        0
HugePages_Surp:        0
Hugepagesize:       2048 kB
DirectMap4k:       20480 kB
DirectMap2M:     4304896 kB
