MemTotal:        1016292 kB
MemFree:          589044 kB
Buffers:           96296 kB
Cached:           247832 kB
SwapCached:            0 kB
Active:           148408 kB
Inactive:         221188 kB
Active(anon):      25540 kB
Inactive(anon):      268 kB
Active(file):     122868 kB
Inactive(file):   220920 kB
Unevictable:           0 kB
Mlocked:               0 kB
SwapTotal:             0 kB
SwapFree:              0 kB
Dirty:                52 kB
Writeback:             0 kB
AnonPages:         25468 kB
Mapped:             9544 kB
Shmem:               340 kB
Slab:              43320 kB
SReclaimable:      32796 kB
SUnreclaim:        10524 kB
KernelStack:         976 kB
PageTables:         2176 kB
NFS_Unstable:          0 kB
Bounce:                0 kB
WritebackTmp:          0 kB
CommitLimit:      508144 kB
Committed_AS:      70880 kB
VmallocTotal:   34359738367 kB
VmallocUsed:        2400 kB
VmallocChunk:   34359730039 kB
HardwareCorrupted:     0 kB
AnonHugePages:         0 kB
HugePages_Total:       0
HugePages_Free:        0
HugePages_Rsvd:        0
HugePages_Surp:        0
Hugepagesize:       2048 kB
DirectMap4k:       26624 kB
DirectMap2M:     1153024 kB
