MemTotal:        2048484 kB
MemFree:         1973288 kB
Buffers:             464 kB
Cached:             8888 kB
SwapCached:            0 kB
Active:            33472 kB
Inactive:           1520 kB
Active(anon):      25744 kB
Inactive(anon):      264 kB
Active(file):       7728 kB
Inactive(file):     1256 kB
Unevictable:           0 kB
Mlocked:               0 kB
SwapTotal:             0 kB
SwapFree:              0 kB
Dirty:                64 kB
Writeback:             0 kB
AnonPages:         25672 kB
Mapped:             7100 kB
Shmem:               336 kB
Slab:              20116 kB
SReclaimable:      10772 kB
SUnreclaim:         9344 kB
KernelStack:        1016 kB
PageTables:         2148 kB
NFS_Unstable:          0 kB
Bounce:                0 kB
WritebackTmp:          0 kB
CommitLimit:     1024240 kB
Committed_AS:      71152 kB
VmallocTotal:   34359738367 kB
VmallocUsed:        4192 kB
VmallocChunk:   34359729743 kB
HardwareCorrupted:     0 kB
AnonHugePages:         0 kB
HugePages_Total:       0
HugePages_Free:        0
HugePages_Rsvd:        0
HugePages_Surp:        0
Hugepagesize:       2048 kB
DirectMap4k:       20480 kB
DirectMap2M:     2207744 kB
