MemTotal:        2048484 kB
MemFree:         1972040 kB
Buffers:             644 kB
Cached:             9448 kB
SwapCached:            0 kB
Active:            34048 kB
Inactive:           1680 kB
Active(anon):      25748 kB
Inactive(anon):      264 kB
Active(file):       8300 kB
Inactive(file):     1416 kB
Unevictable:           0 kB
Mlocked:               0 kB
SwapTotal:             0 kB
SwapFree:              0 kB
Dirty:                64 kB
Writeback:             0 kB
AnonPages:         25676 kB
Mapped:             7224 kB
Shmem:               336 kB
Slab:              20680 kB
SReclaimable:      11356 kB
SUnreclaim:         9324 kB
KernelStack:        1008 kB
PageTables:         2160 kB
NFS_Unstable:          0 kB
Bounce:                0 kB
WritebackTmp:          0 kB
CommitLimit:     1024240 kB
Committed_AS:      71152 kB
VmallocTotal:   34359738367 kB
VmallocUsed:        4192 kB
VmallocChunk:   34359729791 kB
HardwareCorrupted:     0 kB
AnonHugePages:         0 kB
HugePages_Total:       0
HugePages_Free:        0
HugePages_Rsvd:        0
HugePages_Surp:        0
Hugepagesize:       2048 kB
DirectMap4k:       20480 kB
DirectMap2M:     2207744 kB
