MemTotal:        4046840 kB
MemFree:         3851772 kB
Buffers:           10288 kB
Cached:            99476 kB
SwapCached:            0 kB
Active:            63372 kB
Inactive:          72400 kB
Active(anon):      25980 kB
Inactive(anon):      268 kB
Active(file):      37392 kB
Inactive(file):    72132 kB
Unevictable:           0 kB
Mlocked:               0 kB
SwapTotal:             0 kB
SwapFree:              0 kB
Dirty:                 0 kB
Writeback:             0 kB
AnonPages:         25896 kB
Mapped:            12468 kB
Shmem:               340 kB
Slab:              26020 kB
SReclaimable:      15312 kB
SUnreclaim:        10708 kB
KernelStack:        1016 kB
PageTables:         2336 kB
NFS_Unstable:          0 kB
Bounce:                0 kB
WritebackTmp:          0 kB
CommitLimit:     2023420 kB
Committed_AS:      85576 kB
VmallocTotal:   34359738367 kB
VmallocUsed:        7688 kB
VmallocChunk:   34359726303 kB
HardwareCorrupted:     0 kB
AnonHugePages:         0 kB
HugePages_Total:       0
HugePages_Free:        0
HugePages_Rsvd:        0
HugePages_Surp:        0
Hugepagesize:       2048 kB
DirectMap4k:       20480 kB
DirectMap2M:     4304896 kB
