MemTotal:        1016292 kB
MemFree:          595076 kB
Buffers:           91164 kB
Cached:           247380 kB
SwapCached:            0 kB
Active:           147504 kB
Inactive:         216400 kB
Active(anon):      25484 kB
Inactive(anon):      268 kB
Active(file):     122020 kB
Inactive(file):   216132 kB
Unevictable:           0 kB
Mlocked:               0 kB
SwapTotal:             0 kB
SwapFree:              0 kB
Dirty:                56 kB
Writeback:             0 kB
AnonPages:         25448 kB
Mapped:             9656 kB
Shmem:               340 kB
Slab:              42960 kB
SReclaimable:      32652 kB
SUnreclaim:        10308 kB
KernelStack:         944 kB
PageTables:         2168 kB
NFS_Unstable:          0 kB
Bounce:                0 kB
WritebackTmp:          0 kB
CommitLimit:      508144 kB
Committed_AS:      70976 kB
VmallocTotal:   34359738367 kB
VmallocUsed:        2400 kB
VmallocChunk:   34359730231 kB
HardwareCorrupted:     0 kB
AnonHugePages:         0 kB
HugePages_Total:       0
HugePages_Free:        0
HugePages_Rsvd:        0
HugePages_Surp:        0
Hugepagesize:       2048 kB
DirectMap4k:       26624 kB
DirectMap2M:     1153024 kB
