MemTotal:        4046840 kB
MemFree:         3837428 kB
Buffers:           12508 kB
Cached:           104144 kB
SwapCached:            0 kB
Active:            67352 kB
Inactive:          74980 kB
Active(anon):      25752 kB
Inactive(anon):      268 kB
Active(file):      41600 kB
Inactive(file):    74712 kB
Unevictable:           0 kB
Mlocked:               0 kB
SwapTotal:             0 kB
SwapFree:              0 kB
Dirty:                52 kB
Writeback:             0 kB
AnonPages:         25580 kB
Mapped:            12628 kB
Shmem:               340 kB
Slab:              33772 kB
SReclaimable:      17340 kB
SUnreclaim:        16432 kB
KernelStack:        1032 kB
PageTables:         2332 kB
NFS_Unstable:          0 kB
Bounce:                0 kB
WritebackTmp:          0 kB
CommitLimit:     2023420 kB
Committed_AS:      72996 kB
VmallocTotal:   34359738367 kB
VmallocUsed:        7688 kB
VmallocChunk:   34359725919 kB
HardwareCorrupted:     0 kB
AnonHugePages:         0 kB
HugePages_Total:       0
HugePages_Free:        0
HugePages_Rsvd:        0
HugePages_Surp:        0
Hugepagesize:       2048 kB
DirectMap4k:       20480 kB
DirectMap2M:     4304896 kB
