MemTotal:        1016292 kB
MemFree:          808444 kB
Buffers:           10404 kB
Cached:           133148 kB
SwapCached:            0 kB
Active:            79988 kB
Inactive:          88776 kB
Active(anon):      25296 kB
Inactive(anon):      268 kB
Active(file):      54692 kB
Inactive(file):    88508 kB
Unevictable:           0 kB
Mlocked:               0 kB
SwapTotal:             0 kB
SwapFree:              0 kB
Dirty:               108 kB
Writeback:             0 kB
AnonPages:         25224 kB
Mapped:            12304 kB
Shmem:               340 kB
Slab:              24692 kB
SReclaimable:      15544 kB
SUnreclaim:         9148 kB
KernelStack:         968 kB
PageTables:         2200 kB
NFS_Unstable:          0 kB
Bounce:                0 kB
WritebackTmp:          0 kB
CommitLimit:      508144 kB
Committed_AS:      70728 kB
VmallocTotal:   34359738367 kB
VmallocUsed:        2400 kB
VmallocChunk:   34359732191 kB
HardwareCorrupted:     0 kB
AnonHugePages:         0 kB
HugePages_Total:       0
HugePages_Free:        0
HugePages_Rsvd:        0
HugePages_Surp:        0
Hugepagesize:       2048 kB
DirectMap4k:       26624 kB
DirectMap2M:     1153024 kB
