MemTotal:        1016292 kB
MemFree:          828092 kB
Buffers:           20132 kB
Cached:            95076 kB
SwapCached:            0 kB
Active:            71660 kB
Inactive:          68984 kB
Active(anon):      25544 kB
Inactive(anon):      268 kB
Active(file):      46116 kB
Inactive(file):    68716 kB
Unevictable:           0 kB
Mlocked:               0 kB
SwapTotal:             0 kB
SwapFree:              0 kB
Dirty:               100 kB
Writeback:             0 kB
AnonPages:         25472 kB
Mapped:             8840 kB
Shmem:               340 kB
Slab:              33168 kB
SReclaimable:      21728 kB
SUnreclaim:        11440 kB
KernelStack:         944 kB
PageTables:         2176 kB
NFS_Unstable:          0 kB
Bounce:                0 kB
WritebackTmp:          0 kB
CommitLimit:      508144 kB
Committed_AS:      70736 kB
VmallocTotal:   34359738367 kB
VmallocUsed:        2400 kB
VmallocChunk:   34359731231 kB
HardwareCorrupted:     0 kB
AnonHugePages:         0 kB
HugePages_Total:       0
HugePages_Free:        0
HugePages_Rsvd:        0
HugePages_Surp:        0
Hugepagesize:       2048 kB
DirectMap4k:       26624 kB
DirectMap2M:     1153024 kB
