MemTotal:        4046840 kB
MemFree:         3813376 kB
Buffers:           31032 kB
Cached:           107940 kB
SwapCached:            0 kB
Active:            69344 kB
Inactive:          95620 kB
Active(anon):      26064 kB
Inactive(anon):      268 kB
Active(file):      43280 kB
Inactive(file):    95352 kB
Unevictable:           0 kB
Mlocked:               0 kB
SwapTotal:             0 kB
SwapFree:              0 kB
Dirty:                 4 kB
Writeback:             0 kB
AnonPages:         25992 kB
Mapped:            12644 kB
Shmem:               340 kB
Slab:              35312 kB
SReclaimable:      23404 kB
SUnreclaim:        11908 kB
KernelStack:        1064 kB
PageTables:         2352 kB
NFS_Unstable:          0 kB
Bounce:                0 kB
WritebackTmp:          0 kB
CommitLimit:     2023420 kB
Committed_AS:      78520 kB
VmallocTotal:   34359738367 kB
VmallocUsed:        7688 kB
VmallocChunk:   34359724767 kB
HardwareCorrupted:     0 kB
AnonHugePages:      2048 kB
HugePages_Total:       0
HugePages_Free:        0
HugePages_Rsvd:        0
HugePages_Surp:        0
Hugepagesize:       2048 kB
DirectMap4k:       20480 kB
DirectMap2M:     4304896 kB
