MemTotal:        4046840 kB
MemFree:         3849860 kB
Buffers:           10792 kB
Cached:           100224 kB
SwapCached:            0 kB
Active:            64088 kB
Inactive:          72936 kB
Active(anon):      26028 kB
Inactive(anon):      268 kB
Active(file):      38060 kB
Inactive(file):    72668 kB
Unevictable:           0 kB
Mlocked:               0 kB
SwapTotal:             0 kB
SwapFree:              0 kB
Dirty:                 0 kB
Writeback:             0 kB
AnonPages:         25972 kB
Mapped:            12472 kB
Shmem:               340 kB
Slab:              26368 kB
SReclaimable:      15588 kB
SUnreclaim:        10780 kB
KernelStack:        1080 kB
PageTables:         2308 kB
NFS_Unstable:          0 kB
Bounce:                0 kB
WritebackTmp:          0 kB
CommitLimit:     2023420 kB
Committed_AS:      66604 kB
VmallocTotal:   34359738367 kB
VmallocUsed:        7688 kB
VmallocChunk:   34359726159 kB
HardwareCorrupted:     0 kB
AnonHugePages:         0 kB
HugePages_Total:       0
HugePages_Free:        0
HugePages_Rsvd:        0
HugePages_Surp:        0
Hugepagesize:       2048 kB
DirectMap4k:       20480 kB
DirectMap2M:     4304896 kB
