MemTotal:        2048484 kB
MemFree:         1862976 kB
Buffers:           10024 kB
Cached:           105628 kB
SwapCached:            0 kB
Active:            78584 kB
Inactive:          62576 kB
Active(anon):      25636 kB
Inactive(anon):      264 kB
Active(file):      52948 kB
Inactive(file):    62312 kB
Unevictable:           0 kB
Mlocked:               0 kB
SwapTotal:             0 kB
SwapFree:              0 kB
Dirty:                64 kB
Writeback:             0 kB
AnonPages:         25564 kB
Mapped:            12432 kB
Shmem:               336 kB
Slab:              24092 kB
SReclaimable:      14752 kB
SUnreclaim:         9340 kB
KernelStack:         984 kB
PageTables:         2156 kB
NFS_Unstable:          0 kB
Bounce:                0 kB
WritebackTmp:          0 kB
CommitLimit:     1024240 kB
Committed_AS:      70736 kB
VmallocTotal:   34359738367 kB
VmallocUsed:        4192 kB
VmallocChunk:   34359730463 kB
HardwareCorrupted:     0 kB
AnonHugePages:      6144 kB
HugePages_Total:       0
HugePages_Free:        0
HugePages_Rsvd:        0
HugePages_Surp:        0
Hugepagesize:       2048 kB
DirectMap4k:       20480 kB
DirectMap2M:     2207744 kB
