MemTotal:        2048484 kB
MemFree:         1794776 kB
Buffers:           51008 kB
Cached:           121868 kB
SwapCached:            0 kB
Active:            78976 kB
Inactive:         120504 kB
Active(anon):      26684 kB
Inactive(anon):      264 kB
Active(file):      52292 kB
Inactive(file):   120240 kB
Unevictable:           0 kB
Mlocked:               0 kB
SwapTotal:             0 kB
SwapFree:              0 kB
Dirty:                72 kB
Writeback:             0 kB
AnonPages:         26612 kB
Mapped:             9420 kB
Shmem:               336 kB
Slab:              33492 kB
SReclaimable:      22948 kB
SUnreclaim:        10544 kB
KernelStack:        1064 kB
PageTables:         2416 kB
NFS_Unstable:          0 kB
Bounce:                0 kB
WritebackTmp:          0 kB
CommitLimit:     1024240 kB
Committed_AS:      73616 kB
VmallocTotal:   34359738367 kB
VmallocUsed:        4192 kB
VmallocChunk:   34359728207 kB
HardwareCorrupted:     0 kB
AnonHugePages:         0 kB
HugePages_Total:       0
HugePages_Free:        0
HugePages_Rsvd:        0
HugePages_Surp:        0
Hugepagesize:       2048 kB
DirectMap4k:       20480 kB
DirectMap2M:     2207744 kB
