MemTotal:        2048484 kB
MemFree:         1825812 kB
Buffers:           48696 kB
Cached:            94676 kB
SwapCached:            0 kB
Active:            76520 kB
Inactive:          92460 kB
Active(anon):      25680 kB
Inactive(anon):      264 kB
Active(file):      50840 kB
Inactive(file):    92196 kB
Unevictable:           0 kB
Mlocked:               0 kB
SwapTotal:             0 kB
SwapFree:              0 kB
Dirty:                40 kB
Writeback:             0 kB
AnonPages:         25608 kB
Mapped:             8924 kB
Shmem:               336 kB
Slab:              33396 kB
SReclaimable:      22916 kB
SUnreclaim:        10480 kB
KernelStack:         976 kB
PageTables:         2176 kB
NFS_Unstable:          0 kB
Bounce:                0 kB
WritebackTmp:          0 kB
CommitLimit:     1024240 kB
Committed_AS:      71152 kB
VmallocTotal:   34359738367 kB
VmallocUsed:        4192 kB
VmallocChunk:   34359728351 kB
HardwareCorrupted:     0 kB
AnonHugePages:         0 kB
HugePages_Total:       0
HugePages_Free:        0
HugePages_Rsvd:        0
HugePages_Surp:        0
Hugepagesize:       2048 kB
DirectMap4k:       20480 kB
DirectMap2M:     2207744 kB
