MemTotal:        4046840 kB
MemFree:         3848828 kB
Buffers:           11120 kB
Cached:           100660 kB
SwapCached:            0 kB
Active:            64972 kB
Inactive:          72900 kB
Active(anon):      26092 kB
Inactive(anon):      268 kB
Active(file):      38880 kB
Inactive(file):    72632 kB
Unevictable:           0 kB
Mlocked:               0 kB
SwapTotal:             0 kB
SwapFree:              0 kB
Dirty:                 0 kB
Writeback:             0 kB
AnonPages:         26036 kB
Mapped:            12492 kB
Shmem:               340 kB
Slab:              26552 kB
SReclaimable:      15772 kB
SUnreclaim:        10780 kB
KernelStack:        1112 kB
PageTables:         2328 kB
NFS_Unstable:          0 kB
Bounce:                0 kB
WritebackTmp:          0 kB
CommitLimit:     2023420 kB
Committed_AS:      64380 kB
VmallocTotal:   34359738367 kB
VmallocUsed:        7688 kB
VmallocChunk:   34359726063 kB
HardwareCorrupted:     0 kB
AnonHugePages:         0 kB
HugePages_Total:       0
HugePages_Free:        0
HugePages_Rsvd:        0
HugePages_Surp:        0
Hugepagesize:       2048 kB
DirectMap4k:       20480 kB
DirectMap2M:     4304896 kB
