MemTotal:        1016292 kB
MemFree:          780408 kB
Buffers:           63872 kB
Cached:            95976 kB
SwapCached:            0 kB
Active:            76420 kB
Inactive:         109064 kB
Active(anon):      25708 kB
Inactive(anon):      268 kB
Active(file):      50712 kB
Inactive(file):   108796 kB
Unevictable:           0 kB
Mlocked:               0 kB
SwapTotal:             0 kB
SwapFree:              0 kB
Dirty:                52 kB
Writeback:             0 kB
AnonPages:         25636 kB
Mapped:             8868 kB
Shmem:               340 kB
Slab:              36052 kB
SReclaimable:      23956 kB
SUnreclaim:        12096 kB
KernelStack:        1008 kB
PageTables:         2176 kB
NFS_Unstable:          0 kB
Bounce:                0 kB
WritebackTmp:          0 kB
CommitLimit:      508144 kB
Committed_AS:      71024 kB
VmallocTotal:   34359738367 kB
VmallocUsed:        2400 kB
VmallocChunk:   34359730807 kB
HardwareCorrupted:     0 kB
AnonHugePages:         0 kB
HugePages_Total:       0
HugePages_Free:        0
HugePages_Rsvd:        0
HugePages_Surp:        0
Hugepagesize:       2048 kB
DirectMap4k:       26624 kB
DirectMap2M:     1153024 kB
