MemTotal:        4046840 kB
MemFree:         3811292 kB
Buffers:           32612 kB
Cached:           108236 kB
SwapCached:            0 kB
Active:            69472 kB
Inactive:          97432 kB
Active(anon):      26128 kB
Inactive(anon):      268 kB
Active(file):      43344 kB
Inactive(file):    97164 kB
Unevictable:           0 kB
Mlocked:               0 kB
SwapTotal:             0 kB
SwapFree:              0 kB
Dirty:                 4 kB
Writeback:             0 kB
AnonPages:         25992 kB
Mapped:            12644 kB
Shmem:               340 kB
Slab:              35512 kB
SReclaimable:      23580 kB
SUnreclaim:        11932 kB
KernelStack:        1088 kB
PageTables:         2348 kB
NFS_Unstable:          0 kB
Bounce:                0 kB
WritebackTmp:          0 kB
CommitLimit:     2023420 kB
Committed_AS:      78780 kB
VmallocTotal:   34359738367 kB
VmallocUsed:        7688 kB
VmallocChunk:   34359724623 kB
HardwareCorrupted:     0 kB
AnonHugePages:         0 kB
HugePages_Total:       0
HugePages_Free:        0
HugePages_Rsvd:        0
HugePages_Surp:        0
Hugepagesize:       2048 kB
DirectMap4k:       20480 kB
DirectMap2M:     4304896 kB
