MemTotal:        1016292 kB
MemFree:          948228 kB
Buffers:             508 kB
Cached:             7668 kB
SwapCached:            0 kB
Active:            29040 kB
Inactive:           4536 kB
Active(anon):      25476 kB
Inactive(anon):      268 kB
Active(file):       3564 kB
Inactive(file):     4268 kB
Unevictable:           0 kB
Mlocked:               0 kB
SwapTotal:             0 kB
SwapFree:              0 kB
Dirty:                52 kB
Writeback:             0 kB
AnonPages:         25404 kB
Mapped:             3256 kB
Shmem:               340 kB
Slab:              20300 kB
SReclaimable:      11084 kB
SUnreclaim:         9216 kB
KernelStack:         984 kB
PageTables:         2184 kB
NFS_Unstable:          0 kB
Bounce:                0 kB
WritebackTmp:          0 kB
CommitLimit:      508144 kB
Committed_AS:      70732 kB
VmallocTotal:   34359738367 kB
VmallocUsed:        2400 kB
VmallocChunk:   34359731663 kB
HardwareCorrupted:     0 kB
AnonHugePages:         0 kB
HugePages_Total:       0
HugePages_Free:        0
HugePages_Rsvd:        0
HugePages_Surp:        0
Hugepagesize:       2048 kB
DirectMap4k:       26624 kB
DirectMap2M:     1153024 kB
