MemTotal:        2048484 kB
MemFree:         1833848 kB
Buffers:           43040 kB
Cached:            92132 kB
SwapCached:            0 kB
Active:            75108 kB
Inactive:          85784 kB
Active(anon):      25856 kB
Inactive(anon):      264 kB
Active(file):      49252 kB
Inactive(file):    85520 kB
Unevictable:           0 kB
Mlocked:               0 kB
SwapTotal:             0 kB
SwapFree:              0 kB
Dirty:               140 kB
Writeback:             0 kB
AnonPages:         25784 kB
Mapped:             9044 kB
Shmem:               336 kB
Slab:              33468 kB
SReclaimable:      22900 kB
SUnreclaim:        10568 kB
KernelStack:         944 kB
PageTables:         2168 kB
NFS_Unstable:          0 kB
Bounce:                0 kB
WritebackTmp:          0 kB
CommitLimit:     1024240 kB
Committed_AS:      71268 kB
VmallocTotal:   34359738367 kB
VmallocUsed:        4192 kB
VmallocChunk:   34359729023 kB
HardwareCorrupted:     0 kB
AnonHugePages:         0 kB
HugePages_Total:       0
HugePages_Free:        0
HugePages_Rsvd:        0
HugePages_Surp:        0
Hugepagesize:       2048 kB
DirectMap4k:       20480 kB
DirectMap2M:     2207744 kB
