MemTotal:        4046840 kB
MemFree:         3856012 kB
Buffers:            9360 kB
Cached:            97908 kB
SwapCached:            0 kB
Active:            61536 kB
Inactive:          71608 kB
Active(anon):      25944 kB
Inactive(anon):      268 kB
Active(file):      35592 kB
Inactive(file):    71340 kB
Unevictable:           0 kB
Mlocked:               0 kB
SwapTotal:             0 kB
SwapFree:              0 kB
Dirty:                32 kB
Writeback:             0 kB
AnonPages:         25872 kB
Mapped:            12372 kB
Shmem:               340 kB
Slab:              24268 kB
SReclaimable:      13748 kB
SUnreclaim:        10520 kB
KernelStack:        1056 kB
PageTables:         2240 kB
NFS_Unstable:          0 kB
Bounce:                0 kB
WritebackTmp:          0 kB
CommitLimit:     2023420 kB
Committed_AS:      67764 kB
VmallocTotal:   34359738367 kB
VmallocUsed:        7688 kB
VmallocChunk:   34359726783 kB
HardwareCorrupted:     0 kB
AnonHugePages:     36864 kB
HugePages_Total:       0
HugePages_Free:        0
HugePages_Rsvd:        0
HugePages_Surp:        0
Hugepagesize:       2048 kB
DirectMap4k:       20480 kB
DirectMap2M:     4304896 kB
