MemTotal:        4046840 kB
MemFree:         3851320 kB
Buffers:           10464 kB
Cached:            99784 kB
SwapCached:            0 kB
Active:            63432 kB
Inactive:          72592 kB
Active(anon):      25856 kB
Inactive(anon):      268 kB
Active(file):      37576 kB
Inactive(file):    72324 kB
Unevictable:           0 kB
Mlocked:               0 kB
SwapTotal:             0 kB
SwapFree:              0 kB
Dirty:                 0 kB
Writeback:             0 kB
AnonPages:         25884 kB
Mapped:            12492 kB
Shmem:               340 kB
Slab:              25884 kB
SReclaimable:      15164 kB
SUnreclaim:        10720 kB
KernelStack:        1056 kB
PageTables:         2356 kB
NFS_Unstable:          0 kB
Bounce:                0 kB
WritebackTmp:          0 kB
CommitLimit:     2023420 kB
Committed_AS:      77588 kB
VmallocTotal:   34359738367 kB
VmallocUsed:        7688 kB
VmallocChunk:   34359726255 kB
HardwareCorrupted:     0 kB
AnonHugePages:         0 kB
HugePages_Total:       0
HugePages_Free:        0
HugePages_Rsvd:        0
HugePages_Surp:        0
Hugepagesize:       2048 kB
DirectMap4k:       20480 kB
DirectMap2M:     4304896 kB
