MemTotal:        1016292 kB
MemFree:          946760 kB
Buffers:             572 kB
Cached:             8728 kB
SwapCached:            0 kB
Active:            30464 kB
Inactive:           4312 kB
Active(anon):      25572 kB
Inactive(anon):      268 kB
Active(file):       4892 kB
Inactive(file):     4044 kB
Unevictable:           0 kB
Mlocked:               0 kB
SwapTotal:             0 kB
SwapFree:              0 kB
Dirty:                52 kB
Writeback:             0 kB
AnonPages:         25500 kB
Mapped:             3808 kB
Shmem:               340 kB
Slab:              20520 kB
SReclaimable:      11288 kB
SUnreclaim:         9232 kB
KernelStack:        1008 kB
PageTables:         2208 kB
NFS_Unstable:          0 kB
Bounce:                0 kB
WritebackTmp:          0 kB
CommitLimit:      508144 kB
Committed_AS:      70876 kB
VmallocTotal:   34359738367 kB
VmallocUsed:        2400 kB
VmallocChunk:   34359731519 kB
HardwareCorrupted:     0 kB
AnonHugePages:         0 kB
HugePages_Total:       0
HugePages_Free:        0
HugePages_Rsvd:        0
HugePages_Surp:        0
Hugepagesize:       2048 kB
DirectMap4k:       26624 kB
DirectMap2M:     1153024 kB
