MemTotal:        4046840 kB
MemFree:         3853352 kB
Buffers:            9960 kB
Cached:            99128 kB
SwapCached:            0 kB
Active:            62824 kB
Inactive:          72060 kB
Active(anon):      25828 kB
Inactive(anon):      268 kB
Active(file):      36996 kB
Inactive(file):    71792 kB
Unevictable:           0 kB
Mlocked:               0 kB
SwapTotal:             0 kB
SwapFree:              0 kB
Dirty:                 0 kB
Writeback:             0 kB
AnonPages:         25808 kB
Mapped:            12480 kB
Shmem:               340 kB
Slab:              25580 kB
SReclaimable:      14844 kB
SUnreclaim:        10736 kB
KernelStack:        1032 kB
PageTables:         2376 kB
NFS_Unstable:          0 kB
Bounce:                0 kB
WritebackTmp:          0 kB
CommitLimit:     2023420 kB
Committed_AS:      77628 kB
VmallocTotal:   34359738367 kB
VmallocUsed:        7688 kB
VmallocChunk:   34359726399 kB
HardwareCorrupted:     0 kB
AnonHugePages:         0 kB
HugePages_Total:       0
HugePages_Free:        0
HugePages_Rsvd:        0
HugePages_Surp:        0
Hugepagesize:       2048 kB
DirectMap4k:       20480 kB
DirectMap2M:     4304896 kB
