MemTotal:        2048484 kB
MemFree:         1855040 kB
Buffers:           22512 kB
Cached:            90452 kB
SwapCached:            0 kB
Active:            73456 kB
Inactive:          65104 kB
Active(anon):      25712 kB
Inactive(anon):      264 kB
Active(file):      47744 kB
Inactive(file):    64840 kB
Unevictable:           0 kB
Mlocked:               0 kB
SwapTotal:             0 kB
SwapFree:              0 kB
Dirty:                16 kB
Writeback:             0 kB
AnonPages:         25644 kB
Mapped:             8932 kB
Shmem:               336 kB
Slab:              34572 kB
SReclaimable:      21708 kB
SUnreclaim:        12864 kB
KernelStack:        1008 kB
PageTables:         2208 kB
NFS_Unstable:          0 kB
Bounce:                0 kB
WritebackTmp:          0 kB
CommitLimit:     1024240 kB
Committed_AS:      71156 kB
VmallocTotal:   34359738367 kB
VmallocUsed:        4192 kB
VmallocChunk:   34359729359 kB
HardwareCorrupted:     0 kB
AnonHugePages:         0 kB
HugePages_Total:       0
HugePages_Free:        0
HugePages_Rsvd:        0
HugePages_Surp:        0
Hugepagesize:       2048 kB
DirectMap4k:       20480 kB
DirectMap2M:     2207744 kB
