MemTotal:        4046840 kB
MemFree:         3857652 kB
Buffers:            9240 kB
Cached:            96896 kB
SwapCached:            0 kB
Active:            55380 kB
Inactive:          76216 kB
Active(anon):      25592 kB
Inactive(anon):      268 kB
Active(file):      29788 kB
Inactive(file):    75948 kB
Unevictable:           0 kB
Mlocked:               0 kB
SwapTotal:             0 kB
SwapFree:              0 kB
Dirty:                32 kB
Writeback:             0 kB
AnonPages:         25520 kB
Mapped:            12368 kB
Shmem:               340 kB
Slab:              24020 kB
SReclaimable:      13508 kB
SUnreclaim:        10512 kB
KernelStack:        1056 kB
PageTables:         2200 kB
NFS_Unstable:          0 kB
Bounce:                0 kB
WritebackTmp:          0 kB
CommitLimit:     2023420 kB
Committed_AS:      71120 kB
VmallocTotal:   34359738367 kB
VmallocUsed:        7688 kB
VmallocChunk:   34359726927 kB
HardwareCorrupted:     0 kB
AnonHugePages:     40960 kB
HugePages_Total:       0
HugePages_Free:        0
HugePages_Rsvd:        0
HugePages_Surp:        0
Hugepagesize:       2048 kB
DirectMap4k:       20480 kB
DirectMap2M:     4304896 kB
