MemTotal:        2048484 kB
MemFree:         1830800 kB
Buffers:           44160 kB
Cached:            93472 kB
SwapCached:            0 kB
Active:            76192 kB
Inactive:          87732 kB
Active(anon):      26344 kB
Inactive(anon):      264 kB
Active(file):      49848 kB
Inactive(file):    87468 kB
Unevictable:           0 kB
Mlocked:               0 kB
SwapTotal:             0 kB
SwapFree:              0 kB
Dirty:               216 kB
Writeback:             0 kB
AnonPages:         26272 kB
Mapped:             9012 kB
Shmem:               336 kB
Slab:              33480 kB
SReclaimable:      22900 kB
SUnreclaim:        10580 kB
KernelStack:        1008 kB
PageTables:         2172 kB
NFS_Unstable:          0 kB
Bounce:                0 kB
WritebackTmp:          0 kB
CommitLimit:     1024240 kB
Committed_AS:      71632 kB
VmallocTotal:   34359738367 kB
VmallocUsed:        4192 kB
VmallocChunk:   34359728639 kB
HardwareCorrupted:     0 kB
AnonHugePages:         0 kB
HugePages_Total:       0
HugePages_Free:        0
HugePages_Rsvd:        0
HugePages_Surp:        0
Hugepagesize:       2048 kB
DirectMap4k:       20480 kB
DirectMap2M:     2207744 kB
