MemTotal:        1016292 kB
MemFree:          807260 kB
Buffers:           10636 kB
Cached:           133780 kB
SwapCached:            0 kB
Active:            85312 kB
Inactive:          84640 kB
Active(anon):      25604 kB
Inactive(anon):      268 kB
Active(file):      59708 kB
Inactive(file):    84372 kB
Unevictable:           0 kB
Mlocked:               0 kB
SwapTotal:             0 kB
SwapFree:              0 kB
Dirty:                76 kB
Writeback:             0 kB
AnonPages:         25532 kB
Mapped:            12304 kB
Shmem:               340 kB
Slab:              24656 kB
SReclaimable:      15504 kB
SUnreclaim:         9152 kB
KernelStack:        1024 kB
PageTables:         2192 kB
NFS_Unstable:          0 kB
Bounce:                0 kB
WritebackTmp:          0 kB
CommitLimit:      508144 kB
Committed_AS:      71016 kB
VmallocTotal:   34359738367 kB
VmallocUsed:        2400 kB
VmallocChunk:   34359731855 kB
HardwareCorrupted:     0 kB
AnonHugePages:     14336 kB
HugePages_Total:       0
HugePages_Free:        0
HugePages_Rsvd:        0
HugePages_Surp:        0
Hugepagesize:       2048 kB
DirectMap4k:       26624 kB
DirectMap2M:     1153024 kB
