MemTotal:        2048484 kB
MemFree:         1831348 kB
Buffers:           43904 kB
Cached:            93184 kB
SwapCached:            0 kB
Active:            76016 kB
Inactive:          87300 kB
Active(anon):      26272 kB
Inactive(anon):      264 kB
Active(file):      49744 kB
Inactive(file):    87036 kB
Unevictable:           0 kB
Mlocked:               0 kB
SwapTotal:             0 kB
SwapFree:              0 kB
Dirty:               180 kB
Writeback:             0 kB
AnonPages:         26204 kB
Mapped:             9012 kB
Shmem:               336 kB
Slab:              33496 kB
SReclaimable:      22900 kB
SUnreclaim:        10596 kB
KernelStack:         992 kB
PageTables:         2172 kB
NFS_Unstable:          0 kB
Bounce:                0 kB
WritebackTmp:          0 kB
CommitLimit:     1024240 kB
Committed_AS:      79484 kB
VmallocTotal:   34359738367 kB
VmallocUsed:        4192 kB
VmallocChunk:   34359728735 kB
HardwareCorrupted:     0 kB
AnonHugePages:         0 kB
HugePages_Total:       0
HugePages_Free:        0
HugePages_Rsvd:        0
HugePages_Surp:        0
Hugepagesize:       2048 kB
DirectMap4k:       20480 kB
DirectMap2M:     2207744 kB
